C:\Users\JohnpaulNwachukwu\OneDrive - SL Controls\Documents\Automation-Studio-Files\Test01_Version_Control\Logical\Global.typ
C:\Users\JohnpaulNwachukwu\OneDrive - SL Controls\Documents\Automation-Studio-Files\Test01_Version_Control\Logical\Global.var
C:\Users\JohnpaulNwachukwu\OneDrive - SL Controls\Documents\Automation-Studio-Files\Test01_Version_Control\Logical\Libraries\operator\operator.fun
C:\Users\JohnpaulNwachukwu\OneDrive - SL Controls\Documents\Automation-Studio-Files\Test01_Version_Control\Logical\Libraries\operator\operator.typ
C:\Users\JohnpaulNwachukwu\OneDrive - SL Controls\Documents\Automation-Studio-Files\Test01_Version_Control\Logical\Libraries\operator\operator.var
C:\Users\JohnpaulNwachukwu\OneDrive - SL Controls\Documents\Automation-Studio-Files\Test01_Version_Control\Logical\Libraries\runtime\runtime.fun
C:\Users\JohnpaulNwachukwu\OneDrive - SL Controls\Documents\Automation-Studio-Files\Test01_Version_Control\Logical\Libraries\runtime\runtime.typ
C:\Users\JohnpaulNwachukwu\OneDrive - SL Controls\Documents\Automation-Studio-Files\Test01_Version_Control\Logical\Libraries\runtime\runtime.var
C:\Users\JohnpaulNwachukwu\OneDrive - SL Controls\Documents\Automation-Studio-Files\Test01_Version_Control\Logical\Libraries\astime\astime.fun
C:\Users\JohnpaulNwachukwu\OneDrive - SL Controls\Documents\Automation-Studio-Files\Test01_Version_Control\Logical\Libraries\astime\astime.typ
C:\Users\JohnpaulNwachukwu\OneDrive - SL Controls\Documents\Automation-Studio-Files\Test01_Version_Control\Logical\Libraries\astime\astime.var
C:\Users\JohnpaulNwachukwu\OneDrive - SL Controls\Documents\Automation-Studio-Files\Test01_Version_Control\Logical\Libraries\AsIecCon\AsIecCon.fun
C:\Users\JohnpaulNwachukwu\OneDrive - SL Controls\Documents\Automation-Studio-Files\Test01_Version_Control\Logical\Libraries\AsIecCon\AsIecCon.typ
C:\Users\JohnpaulNwachukwu\OneDrive - SL Controls\Documents\Automation-Studio-Files\Test01_Version_Control\Logical\Libraries\AsIecCon\AsIecCon.var
